Microchip MPLAB XC8 Compiler V1.38 ()

Linker command line:

-W-3 --edf=F:\Program Files (x86)\Microchip\xc8\v1.38\dat\en_msgs.txt -cs \
  -h+dist/default/production\superProbe.X.production.sym \
  --cmf=dist/default/production\superProbe.X.production.cmf -z -Q16F18877 \
  -oF:\Users\Loup\AppData\Local\Temp\s7e8.2 \
  -Mdist/default/production/superProbe.X.production.map -E1 -ver=XC8 \
  -ASTACK=020AEh-02fefh -pstack=STACK -ACODE=00h-07FFhx16 \
  -ASTRCODE=00h-07FFFh -ASTRING=00h-0FFhx128 -ACONST=00h-0FFhx128 \
  -AENTRY=00h-0FFhx128 -ACOMMON=070h-07Fh -ABANK0=020h-06Fh \
  -ABANK1=0A0h-0EFh -ABANK2=0120h-016Fh -ABANK3=01A0h-01EFh \
  -ABANK4=0220h-026Fh -ABANK5=02A0h-02EFh -ABANK6=0320h-036Fh \
  -ABANK7=03A0h-03EFh -ABANK8=0420h-046Fh -ABANK9=04A0h-04EFh \
  -ABANK10=0520h-056Fh -ABANK11=05A0h-05EFh -ABANK12=0620h-066Fh \
  -ABANK13=06A0h-06EFh -ABANK14=0720h-076Fh -ABANK15=07A0h-07EFh \
  -ABANK16=0820h-086Fh -ABANK17=08A0h-08EFh -ABANK18=0920h-096Fh \
  -ABANK19=09A0h-09EFh -ABANK20=0A20h-0A6Fh -ABANK21=0AA0h-0AEFh \
  -ABANK22=0B20h-0B6Fh -ABANK23=0BA0h-0BEFh -ABANK24=0C20h-0C6Fh \
  -ABANK25=0CA0h-0CEFh -ABANK26=0D20h-0D6Fh -ABANK27=0DA0h-0DEFh \
  -ABANK28=0E20h-0E6Fh -ABANK29=0EA0h-0EEFh -ABANK30=0F20h-0F6Fh \
  -ABANK31=0FA0h-0FEFh -ABANK32=01020h-0106Fh -ABANK33=010A0h-010EFh \
  -ABANK34=01120h-0116Fh -ABANK35=011A0h-011EFh -ABANK36=01220h-0126Fh \
  -ABANK37=012A0h-012EFh -ABANK38=01320h-0136Fh -ABANK39=013A0h-013EFh \
  -ABANK40=01420h-0146Fh -ABANK41=014A0h-014EFh -ABANK42=01520h-0156Fh \
  -ABANK43=015A0h-015EFh -ABANK44=01620h-0166Fh -ABANK45=016A0h-016EFh \
  -ABANK46=01720h-0176Fh -ABANK47=017A0h-017EFh -ABANK48=01820h-0186Fh \
  -ABANK49=018A0h-018EFh -ABANK50=01920h-0196Fh -ABIGRAM=02000h-02FEFh \
  -ARAM=020h-06Fh,0A0h-0EFh,0120h-016Fh,01A0h-01EFh,0220h-026Fh,02A0h-02EFh,0320h-036Fh,03A0h-03EFh,0420h-046Fh,04A0h-04EFh,0520h-056Fh,05A0h-05EFh,0620h-066Fh,06A0h-06EFh,0720h-076Fh,07A0h-07EFh,0820h-086Fh,08A0h-08EFh,0920h-096Fh,09A0h-09EFh,0A20h-0A6Fh,0AA0h-0AEFh,0B20h-0B6Fh,0BA0h-0BEFh,0C20h-0C6Fh,0CA0h-0CEFh,0D20h-0D6Fh,0DA0h-0DEFh,0E20h-0E6Fh,0EA0h-0EEFh,0F20h-0F6Fh,0FA0h-0FEFh,01020h-0106Fh,010A0h-010EFh,01120h-0116Fh,011A0h-011EFh,01220h-0126Fh,012A0h-012EFh,01320h-0136Fh,013A0h-013EFh,01420h-0146Fh,014A0h-014EFh,01520h-0156Fh,015A0h-015EFh,01620h-0166Fh,016A0h-016EFh,01720h-0176Fh,017A0h-017EFh,01820h-0186Fh,018A0h-018EFh,01920h-0196Fh \
  -AABS1=020h-07Fh,0A0h-0EFh,0120h-016Fh,01A0h-01EFh,0220h-026Fh,02A0h-02EFh,0320h-036Fh,03A0h-03EFh,0420h-046Fh,04A0h-04EFh,0520h-056Fh,05A0h-05EFh,0620h-066Fh,06A0h-06EFh,0720h-076Fh,07A0h-07EFh,0820h-086Fh,08A0h-08EFh,0920h-096Fh,09A0h-09EFh,0A20h-0A6Fh,0AA0h-0AEFh,0B20h-0B6Fh,0BA0h-0BEFh,0C20h-0C6Fh,0CA0h-0CEFh,0D20h-0D6Fh,0DA0h-0DEFh,0E20h-0E6Fh,0EA0h-0EEFh,0F20h-0F6Fh,0FA0h-0FEFh,01020h-0106Fh,010A0h-010EFh,01120h-0116Fh,011A0h-011EFh,01220h-0126Fh,012A0h-012EFh,01320h-0136Fh,013A0h-013EFh,01420h-0146Fh,014A0h-014EFh,01520h-0156Fh,015A0h-015EFh,01620h-0166Fh,016A0h-016EFh,01720h-0176Fh,017A0h-017EFh,01820h-0186Fh,018A0h-018EFh,01920h-0196Fh \
  -ASFR0=00h-01Fh -ASFR1=080h-09Fh -ASFR2=0100h-011Fh -ASFR3=0180h-019Fh \
  -ASFR4=0200h-021Fh -ASFR5=0280h-029Fh -ASFR6=0300h-031Fh \
  -ASFR7=0380h-039Fh -ASFR8=0400h-041Fh -ASFR9=0480h-049Fh \
  -ASFR10=0500h-051Fh -ASFR11=0580h-059Fh -ASFR12=0600h-061Fh \
  -ASFR13=0680h-069Fh -ASFR14=0700h-071Fh -ASFR15=0780h-079Fh \
  -ASFR16=0800h-081Fh -ASFR17=0880h-089Fh -ASFR18=0900h-091Fh \
  -ASFR19=0980h-099Fh -ASFR20=0A00h-0A1Fh -ASFR21=0A80h-0A9Fh \
  -ASFR22=0B00h-0B1Fh -ASFR23=0B80h-0B9Fh -ASFR24=0C00h-0C1Fh \
  -ASFR25=0C80h-0C9Fh -ASFR26=0D00h-0D1Fh -ASFR27=0D80h-0D9Fh \
  -ASFR28=0E00h-0E1Fh -ASFR29=0E80h-0E9Fh -ASFR30=0F00h-0F1Fh \
  -ASFR31=0F80h-0F9Fh -ASFR32=01000h-0101Fh -ASFR33=01080h-0109Fh \
  -ASFR34=01100h-0111Fh -ASFR35=01180h-0119Fh -ASFR36=01200h-0121Fh \
  -ASFR37=01280h-0129Fh -ASFR38=01300h-0131Fh -ASFR39=01380h-0139Fh \
  -ASFR40=01400h-0141Fh -ASFR41=01480h-0149Fh -ASFR42=01500h-0151Fh \
  -ASFR43=01580h-0159Fh -ASFR44=01600h-0161Fh -ASFR45=01680h-0169Fh \
  -ASFR46=01700h-0171Fh -ASFR47=01780h-0179Fh -ASFR48=01800h-0181Fh \
  -ASFR49=01880h-0189Fh -ASFR50=01900h-0191Fh -ASFR51=01980h-019EFh \
  -ASFR52=01A00h-01A6Fh -ASFR53=01A80h-01AEFh -ASFR54=01B00h-01B6Fh \
  -ASFR55=01B80h-01BEFh -ASFR56=01C00h-01C6Fh -ASFR57=01C80h-01CEFh \
  -ASFR58=01D00h-01D6Fh -ASFR59=01D80h-01DEFh -ASFR60=01E00h-01E6Fh \
  -ASFR61=01E80h-01EEFh -ASFR62=01F00h-01F6Fh -ASFR63=01F80h-01FEFh \
  -preset_vec=00h,intentry=04h,init,end_init -ppowerup=CODE -pcinit=CODE \
  -pfunctab=CODE -ACONFIG=08007h-0800Bh -pconfig=CONFIG -DCONFIG=2 \
  -AIDLOC=08000h-08003h -pidloc=IDLOC -DIDLOC=2 -AEEDATA=00h-0FFh/0F000h \
  -peeprom_data=EEDATA -DEEDATA=2 -DCODE=2 -DSTRCODE=2 -DSTRING=2 -DCONST=2 \
  -DENTRY=2 -k F:\Users\Loup\AppData\Local\Temp\s7e8.obj \
  dist/default/production\superProbe.X.production.obj 

Object code version is 3.11

Machine type is 16F18877



                Name                               Link     Load   Length Selector   Space Scale
F:\Users\Loup\AppData\Local\Temp\s7e8.obj
                end_init                             33       33        2        8       0
                reset_vec                             0        0        2        0       0
                config                             8007     8007        5    1000E       0
dist/default/production\superProbe.X.production.obj
                cinit                                35       35       1B        8       0
                intentry                              4        4       2F        8       0
                text73                             1DD7     1DD7        9     3BAE       0
                text72                             1ECC     1ECC       13     3D98       0
                text71                             1F77     1F77       1A     3EEE       0
                text70                             1EBA     1EBA       12     3D74       0
                text69                             1F06     1F06       15     3E0C       0
                text68                             1F30     1F30       16     3E60       0
                text67                             1DB1     1DB1        6     3B62       0
                text66                             1DE0     1DE0        9     3BC0       0
                text65                             12B8     12B8       33     2570       0
                text63                             1DE9     1DE9        9     3BD2       0
                text62                             1DF2     1DF2        9     3BE4       0
                text61                             1EF2     1EF2       14     3DE4       0
                text60                             1224     1224       30     2448       0
                text59                             12EB     12EB       3C     25D6       0
                text58                             1DCF     1DCF        8     3B9E       0
                text57                             1538     1538       65     2A70       0
                text56                              A41      A41       F6     1482       0
                text55                             1FE2     1FE2       1E     3FC4       0
                text54                             159D     159D       87     2B3A       0
                text53                             1492     1492       53     2924       0
                text52                             1369     1369       43     26D2       0
                text51                              803      803       2A     1006       0
                text50                              B37      B37      11D     166E       0
                text49                              98B      98B       B6     1316       0
                text48                             1440     1440       52     2880       0
                text47                             13AC     13AC       46     2758       0
                text46                              8D7      8D7       B4     11AE       0
                text45                             115F     115F       1C     22BE       0
                text44                              C54      C54      166     18A8       0
                text43                             1E3E     1E3E        E     3C7C       0
                text42                              DBA      DBA      246     1B74       0
                text41                               50       50      740        8       0
                text40                             117B     117B       1F     22F6       0
                text39                             16B5     16B5       A2     2D6A       0
                text38                             1254     1254       32     24A8       0
                text37                             11FF     11FF       25     23FE       0
                text36                             119A     119A       20     2334       0
                text35                             1DFB     1DFB        9     3BF6       0
                text34                             1757     1757       A9     2EAE       0
                text33                             1F1B     1F1B       15     3E36       0
                text32                             1F91     1F91       1B     3F22       0
                text31                             1624     1624       91     2C48       0
                text30                             1FAC     1FAC       1B     3F58       0
                text29                             13F2     13F2       4E     27E4       0
                text28                             1E04     1E04        9     3C08       0
                text27                             1E0D     1E0D        9     3C1A       0
                text26                             1DB7     1DB7        6     3B6E       0
                text25                             1E16     1E16        9     3C2C       0
                text24                             1DBD     1DBD        6     3B7A       0
                text23                             1DC3     1DC3        6     3B86       0
                text22                             1FC7     1FC7       1B     3F8E       0
                text21                             1E69     1E69       10     3CD2       0
                text20                             1E79     1E79       10     3CF2       0
                text19                             1E89     1E89       10     3D12       0
                text18                                3        3        1        6       0
                text17                             1E32     1E32        C     3C64       0
                text16                             1EDF     1EDF       13     3DBE       0
                text15                             1F5E     1F5E       19     3EBC       0
                text14                             1EA9     1EA9       11     3D52       0
                text13                             1E4C     1E4C        E     3C98       0
                text12                             1E99     1E99       10     3D32       0
                text11                             1E1F     1E1F        9     3C3E       0
                text10                             11DC     11DC       23     23B8       0
                text9                               7FC      7FC        3        8       0
                text8                              1E28     1E28        A     3C50       0
                text7                              1F46     1F46       18     3E8C       0
                text6                              11BA     11BA       22     2374       0
                text5                              1E5A     1E5A        F     3CB4       0
                text4                              1327     1327       42     264E       0
                text3                               790      790       6C        8       0
                text2                              1286     1286       32     250C       0
                text1                              14E5     14E5       53     29CA       0
                swtext1                            1800     1800       10     3000       0
                maintext                            82D      82D       AA     105A       0
                cstackBANK0                          20       20       50       20       1
                cstackCOMMON                         70       70        7       70       1
                cstackBANK1                          A0       A0       42       A0       1
                cstackBANK2                         128      128        4      120       1
                clrtext                            1DC9     1DC9        6     3B92       0
                bssBANK2                            120      120        8      120       1
                dataBANK1                            EF       EF        1       A0       1
                bssBANK1                             E2       E2        B       A0       1
                bssCOMMON                            77       77        3       70       1
                nvBANK2                             12C      12C        2      120       1
                nvBANK1                              ED       ED        2       A0       1
                stringtext                         1000     1000      15F     2000       0
                idataBANK1                          7FF      7FF        1        8       0

TOTAL           Name                               Link     Load   Length     Space
        CLASS   STACK          

        CLASS   CODE           
                end_init                             33       33        2         0
                cinit                                35       35       1B         0
                intentry                              4        4       2F         0
                reset_vec                             0        0        2         0
                text73                             1DD7     1DD7        9         0
                text72                             1ECC     1ECC       13         0
                text71                             1F77     1F77       1A         0
                text70                             1EBA     1EBA       12         0
                text69                             1F06     1F06       15         0
                text68                             1F30     1F30       16         0
                text67                             1DB1     1DB1        6         0
                text66                             1DE0     1DE0        9         0
                text65                             12B8     12B8       33         0
                text63                             1DE9     1DE9        9         0
                text62                             1DF2     1DF2        9         0
                text61                             1EF2     1EF2       14         0
                text60                             1224     1224       30         0
                text59                             12EB     12EB       3C         0
                text58                             1DCF     1DCF        8         0
                text57                             1538     1538       65         0
                text56                              A41      A41       F6         0
                text55                             1FE2     1FE2       1E         0
                text54                             159D     159D       87         0
                text53                             1492     1492       53         0
                text52                             1369     1369       43         0
                text51                              803      803       2A         0
                text50                              B37      B37      11D         0
                text49                              98B      98B       B6         0
                text48                             1440     1440       52         0
                text47                             13AC     13AC       46         0
                text46                              8D7      8D7       B4         0
                text45                             115F     115F       1C         0
                text44                              C54      C54      166         0
                text43                             1E3E     1E3E        E         0
                text42                              DBA      DBA      246         0
                text41                               50       50      740         0
                text40                             117B     117B       1F         0
                text39                             16B5     16B5       A2         0
                text38                             1254     1254       32         0
                text37                             11FF     11FF       25         0
                text36                             119A     119A       20         0
                text35                             1DFB     1DFB        9         0
                text34                             1757     1757       A9         0
                text33                             1F1B     1F1B       15         0
                text32                             1F91     1F91       1B         0
                text31                             1624     1624       91         0
                text30                             1FAC     1FAC       1B         0
                text29                             13F2     13F2       4E         0
                text28                             1E04     1E04        9         0
                text27                             1E0D     1E0D        9         0
                text26                             1DB7     1DB7        6         0
                text25                             1E16     1E16        9         0
                text24                             1DBD     1DBD        6         0
                text23                             1DC3     1DC3        6         0
                text22                             1FC7     1FC7       1B         0
                text21                             1E69     1E69       10         0
                text20                             1E79     1E79       10         0
                text19                             1E89     1E89       10         0
                text18                                3        3        1         0
                text17                             1E32     1E32        C         0
                text16                             1EDF     1EDF       13         0
                text15                             1F5E     1F5E       19         0
                text14                             1EA9     1EA9       11         0
                text13                             1E4C     1E4C        E         0
                text12                             1E99     1E99       10         0
                text11                             1E1F     1E1F        9         0
                text10                             11DC     11DC       23         0
                text9                               7FC      7FC        3         0
                text8                              1E28     1E28        A         0
                text7                              1F46     1F46       18         0
                text6                              11BA     11BA       22         0
                text5                              1E5A     1E5A        F         0
                text4                              1327     1327       42         0
                text3                               790      790       6C         0
                text2                              1286     1286       32         0
                text1                              14E5     14E5       53         0
                maintext                            82D      82D       AA         0
                clrtext                            1DC9     1DC9        6         0
                idataBANK1                          7FF      7FF        1         0

        CLASS   STRCODE        
                stringtext                         1000     1000      15F         0

        CLASS   STRING         

        CLASS   CONST          
                swtext1                            1800     1800       10         0

        CLASS   ENTRY          

        CLASS   COMMON         
                cstackCOMMON                         70       70        7         1
                bssCOMMON                            77       77        3         1

        CLASS   BANK0          
                cstackBANK0                          20       20       50         1

        CLASS   BANK1          
                cstackBANK1                          A0       A0       42         1
                dataBANK1                            EF       EF        1         1
                bssBANK1                             E2       E2        B         1
                nvBANK1                              ED       ED        2         1

        CLASS   BANK2          
                cstackBANK2                         128      128        4         1
                bssBANK2                            120      120        8         1
                nvBANK2                             12C      12C        2         1

        CLASS   BANK3          

        CLASS   BANK4          

        CLASS   BANK5          

        CLASS   BANK6          

        CLASS   BANK7          

        CLASS   BANK8          

        CLASS   BANK9          

        CLASS   BANK10         

        CLASS   BANK11         

        CLASS   BANK12         

        CLASS   BANK13         

        CLASS   BANK14         

        CLASS   BANK15         

        CLASS   BANK16         

        CLASS   BANK17         

        CLASS   BANK18         

        CLASS   BANK19         

        CLASS   BANK20         

        CLASS   BANK21         

        CLASS   BANK22         

        CLASS   BANK23         

        CLASS   BANK24         

        CLASS   BANK25         

        CLASS   BANK26         

        CLASS   BANK27         

        CLASS   BANK28         

        CLASS   BANK29         

        CLASS   BANK30         

        CLASS   BANK31         

        CLASS   BANK32         

        CLASS   BANK33         

        CLASS   BANK34         

        CLASS   BANK35         

        CLASS   BANK36         

        CLASS   BANK37         

        CLASS   BANK38         

        CLASS   BANK39         

        CLASS   BANK40         

        CLASS   BANK41         

        CLASS   BANK42         

        CLASS   BANK43         

        CLASS   BANK44         

        CLASS   BANK45         

        CLASS   BANK46         

        CLASS   BANK47         

        CLASS   BANK48         

        CLASS   BANK49         

        CLASS   BANK50         

        CLASS   BIGRAM         

        CLASS   RAM            

        CLASS   ABS1           
                abs_s1                               7E       7E        2         1

        CLASS   SFR0           

        CLASS   SFR1           

        CLASS   SFR2           

        CLASS   SFR3           

        CLASS   SFR4           

        CLASS   SFR5           

        CLASS   SFR6           

        CLASS   SFR7           

        CLASS   SFR8           

        CLASS   SFR9           

        CLASS   SFR10          

        CLASS   SFR11          

        CLASS   SFR12          

        CLASS   SFR13          

        CLASS   SFR14          

        CLASS   SFR15          

        CLASS   SFR16          

        CLASS   SFR17          

        CLASS   SFR18          

        CLASS   SFR19          

        CLASS   SFR20          

        CLASS   SFR21          

        CLASS   SFR22          

        CLASS   SFR23          

        CLASS   SFR24          

        CLASS   SFR25          

        CLASS   SFR26          

        CLASS   SFR27          

        CLASS   SFR28          

        CLASS   SFR29          

        CLASS   SFR30          

        CLASS   SFR31          

        CLASS   SFR32          

        CLASS   SFR33          

        CLASS   SFR34          

        CLASS   SFR35          

        CLASS   SFR36          

        CLASS   SFR37          

        CLASS   SFR38          

        CLASS   SFR39          

        CLASS   SFR40          

        CLASS   SFR41          

        CLASS   SFR42          

        CLASS   SFR43          

        CLASS   SFR44          

        CLASS   SFR45          

        CLASS   SFR46          

        CLASS   SFR47          

        CLASS   SFR48          

        CLASS   SFR49          

        CLASS   SFR50          

        CLASS   SFR51          

        CLASS   SFR52          

        CLASS   SFR53          

        CLASS   SFR54          

        CLASS   SFR55          

        CLASS   SFR56          

        CLASS   SFR57          

        CLASS   SFR58          

        CLASS   SFR59          

        CLASS   SFR60          

        CLASS   SFR61          

        CLASS   SFR62          

        CLASS   SFR63          

        CLASS   CONFIG         
                config                             8007     8007        5         0

        CLASS   IDLOC          

        CLASS   EEDATA         

        CLASS   BANK63         

        CLASS   BANK62         

        CLASS   BANK61         

        CLASS   BANK60         

        CLASS   BANK59         

        CLASS   BANK58         

        CLASS   BANK57         

        CLASS   BANK56         

        CLASS   BANK55         

        CLASS   BANK54         

        CLASS   BANK53         

        CLASS   BANK52         

        CLASS   BANK51         



SEGMENTS        Name                           Load    Length   Top    Selector   Space  Class     Delta

                reset_vec                      000000  000002  000002         0       0  CODE        2
                text18                         000003  000001  000004         6       0  CODE        2
                intentry                       000004  0007FC  000800         8       0  CODE        2
                cstackBANK0                    000020  000050  000070        20       1  BANK0       1
                cstackCOMMON                   000070  00000A  00007A        70       1  COMMON      1
                cstackBANK1                    0000A0  000050  0000F0        A0       1  BANK1       1
                bssBANK2                       000120  00000E  00012E       120       1  BANK2       1
                text51                         000803  00002A  00082D      1006       0  CODE        2
                maintext                       00082D  0000AA  0008D7      105A       0  CODE        2
                text46                         0008D7  0000B4  00098B      11AE       0  CODE        2
                text49                         00098B  0000B6  000A41      1316       0  CODE        2
                text56                         000A41  0000F6  000B37      1482       0  CODE        2
                text50                         000B37  00011D  000C54      166E       0  CODE        2
                text44                         000C54  000166  000DBA      18A8       0  CODE        2
                text42                         000DBA  000246  001000      1B74       0  CODE        2
                stringtext                     001000  00015F  00115F      2000       0  STRCODE     2
                text45                         00115F  00001C  00117B      22BE       0  CODE        2
                text40                         00117B  00001F  00119A      22F6       0  CODE        2
                text36                         00119A  000020  0011BA      2334       0  CODE        2
                text6                          0011BA  000022  0011DC      2374       0  CODE        2
                text10                         0011DC  000023  0011FF      23B8       0  CODE        2
                text37                         0011FF  000025  001224      23FE       0  CODE        2
                text60                         001224  000030  001254      2448       0  CODE        2
                text38                         001254  000032  001286      24A8       0  CODE        2
                text2                          001286  000032  0012B8      250C       0  CODE        2
                text65                         0012B8  000033  0012EB      2570       0  CODE        2
                text59                         0012EB  00003C  001327      25D6       0  CODE        2
                text4                          001327  000042  001369      264E       0  CODE        2
                text52                         001369  000043  0013AC      26D2       0  CODE        2
                text47                         0013AC  000046  0013F2      2758       0  CODE        2
                text29                         0013F2  00004E  001440      27E4       0  CODE        2
                text48                         001440  000052  001492      2880       0  CODE        2
                text53                         001492  000053  0014E5      2924       0  CODE        2
                text1                          0014E5  000053  001538      29CA       0  CODE        2
                text57                         001538  000065  00159D      2A70       0  CODE        2
                text54                         00159D  000087  001624      2B3A       0  CODE        2
                text31                         001624  000091  0016B5      2C48       0  CODE        2
                text39                         0016B5  0000A2  001757      2D6A       0  CODE        2
                text34                         001757  0000A9  001800      2EAE       0  CODE        2
                swtext1                        001800  000010  001810      3000       0  CONST       2
                text67                         001DB1  000006  001DB7      3B62       0  CODE        2
                text26                         001DB7  000006  001DBD      3B6E       0  CODE        2
                text24                         001DBD  000006  001DC3      3B7A       0  CODE        2
                text23                         001DC3  000006  001DC9      3B86       0  CODE        2
                clrtext                        001DC9  000006  001DCF      3B92       0  CODE        2
                text58                         001DCF  000008  001DD7      3B9E       0  CODE        2
                text73                         001DD7  000009  001DE0      3BAE       0  CODE        2
                text66                         001DE0  000009  001DE9      3BC0       0  CODE        2
                text63                         001DE9  000009  001DF2      3BD2       0  CODE        2
                text62                         001DF2  000009  001DFB      3BE4       0  CODE        2
                text35                         001DFB  000009  001E04      3BF6       0  CODE        2
                text28                         001E04  000009  001E0D      3C08       0  CODE        2
                text27                         001E0D  000009  001E16      3C1A       0  CODE        2
                text25                         001E16  000009  001E1F      3C2C       0  CODE        2
                text11                         001E1F  000009  001E28      3C3E       0  CODE        2
                text8                          001E28  00000A  001E32      3C50       0  CODE        2
                text17                         001E32  00000C  001E3E      3C64       0  CODE        2
                text43                         001E3E  00000E  001E4C      3C7C       0  CODE        2
                text13                         001E4C  00000E  001E5A      3C98       0  CODE        2
                text5                          001E5A  00000F  001E69      3CB4       0  CODE        2
                text21                         001E69  000010  001E79      3CD2       0  CODE        2
                text20                         001E79  000010  001E89      3CF2       0  CODE        2
                text19                         001E89  000010  001E99      3D12       0  CODE        2
                text12                         001E99  000010  001EA9      3D32       0  CODE        2
                text14                         001EA9  000011  001EBA      3D52       0  CODE        2
                text70                         001EBA  000012  001ECC      3D74       0  CODE        2
                text72                         001ECC  000013  001EDF      3D98       0  CODE        2
                text16                         001EDF  000013  001EF2      3DBE       0  CODE        2
                text61                         001EF2  000014  001F06      3DE4       0  CODE        2
                text69                         001F06  000015  001F1B      3E0C       0  CODE        2
                text33                         001F1B  000015  001F30      3E36       0  CODE        2
                text68                         001F30  000016  001F46      3E60       0  CODE        2
                text7                          001F46  000018  001F5E      3E8C       0  CODE        2
                text15                         001F5E  000019  001F77      3EBC       0  CODE        2
                text71                         001F77  00001A  001F91      3EEE       0  CODE        2
                text32                         001F91  00001B  001FAC      3F22       0  CODE        2
                text30                         001FAC  00001B  001FC7      3F58       0  CODE        2
                text22                         001FC7  00001B  001FE2      3F8E       0  CODE        2
                text55                         001FE2  00001E  002000      3FC4       0  CODE        2
                config                         008007  000005  00800C     1000E       0  CONFIG      2


UNUSED ADDRESS RANGES

        Name                Unused          Largest block    Delta
        BANK10           00520-0056F              50           1
        BANK11           005A0-005EF              50           1
        BANK12           00620-0066F              50           1
        BANK13           006A0-006EF              50           1
        BANK14           00720-0076F              50           1
        BANK15           007A0-007EF              50           1
        BANK16           00820-0086F              50           1
        BANK17           008A0-008EF              50           1
        BANK18           00920-0096F              50           1
        BANK19           009A0-009EF              50           1
        BANK2            0012E-0016F              42           1
        BANK20           00A20-00A6F              50           1
        BANK21           00AA0-00AEF              50           1
        BANK22           00B20-00B6F              50           1
        BANK23           00BA0-00BEF              50           1
        BANK24           00C20-00C6F              50           1
        BANK25           00CA0-00CEF              50           1
        BANK26           00D20-00D6F              50           1
        BANK27           00DA0-00DEF              50           1
        BANK28           00E20-00E6F              50           1
        BANK29           00EA0-00EEF              50           1
        BANK3            001A0-001EF              50           1
        BANK30           00F20-00F6F              50           1
        BANK31           00FA0-00FEF              50           1
        BANK32           01020-0106F              50           1
        BANK33           010A0-010EF              50           1
        BANK34           01120-0116F              50           1
        BANK35           011A0-011EF              50           1
        BANK36           01220-0126F              50           1
        BANK37           012A0-012EF              50           1
        BANK38           01320-0136F              50           1
        BANK39           013A0-013EF              50           1
        BANK4            00220-0026F              50           1
        BANK40           01420-0146F              50           1
        BANK41           014A0-014EF              50           1
        BANK42           01520-0156F              50           1
        BANK43           015A0-015EF              50           1
        BANK44           01620-0166F              50           1
        BANK45           016A0-016EF              50           1
        BANK46           01720-0176F              50           1
        BANK47           017A0-017EF              50           1
        BANK48           01820-0186F              50           1
        BANK49           018A0-018EF              50           1
        BANK5            002A0-002EF              50           1
        BANK50           01920-0196F              50           1
        BANK6            00320-0036F              50           1
        BANK7            003A0-003EF              50           1
        BANK8            00420-0046F              50           1
        BANK9            004A0-004EF              50           1
        BIGRAM           02000-02FEF             FF0           1
        CODE             00002-00002               1           2
                         00800-00802               3
                         01810-01DB0             5A1
                         02000-07FFF             800
        COMMON           0007A-0007D               4           1
        CONST            00002-00002               1           2
                         00800-00802               3
                         01810-01DB0             100
                         02000-07FFF             100
        EEDATA           0F000-0F0FF             100           2
        ENTRY            00002-00002               1           2
                         00800-00802               3
                         01810-01DB0             100
                         02000-07FFF             100
        IDLOC            08000-08003               4           2
        RAM              0012E-0016F              42           1
                         001A0-001EF              50
                         00220-0026F              50
                         002A0-002EF              50
                         00320-0036F              50
                         003A0-003EF              50
                         00420-0046F              50
                         004A0-004EF              50
                         00520-0056F              50
                         005A0-005EF              50
                         00620-0066F              50
                         006A0-006EF              50
                         00720-0076F              50
                         007A0-007EF              50
                         00820-0086F              50
                         008A0-008EF              50
                         00920-0096F              50
                         009A0-009EF              50
                         00A20-00A6F              50
                         00AA0-00AEF              50
                         00B20-00B6F              50
                         00BA0-00BEF              50
                         00C20-00C6F              50
                         00CA0-00CEF              50
                         00D20-00D6F              50
                         00DA0-00DEF              50
                         00E20-00E6F              50
                         00EA0-00EEF              50
                         00F20-00F6F              50
                         00FA0-00FEF              50
                         01020-0106F              50
                         010A0-010EF              50
                         01120-0116F              50
                         011A0-011EF              50
                         01220-0126F              50
                         012A0-012EF              50
                         01320-0136F              50
                         013A0-013EF              50
                         01420-0146F              50
                         014A0-014EF              50
                         01520-0156F              50
                         015A0-015EF              50
                         01620-0166F              50
                         016A0-016EF              50
                         01720-0176F              50
                         017A0-017EF              50
                         01820-0186F              50
                         018A0-018EF              50
                         01920-0196F              50
        SFR0             00000-0001F              20           1
        SFR1             00080-0009F              20           1
        SFR10            00500-0051F              20           1
        SFR11            00580-0059F              20           1
        SFR12            00600-0061F              20           1
        SFR13            00680-0069F              20           1
        SFR14            00700-0071F              20           1
        SFR15            00780-0079F              20           1
        SFR16            00800-0081F              20           1
        SFR17            00880-0089F              20           1
        SFR18            00900-0091F              20           1
        SFR19            00980-0099F              20           1
        SFR2             00100-0011F              20           1
        SFR20            00A00-00A1F              20           1
        SFR21            00A80-00A9F              20           1
        SFR22            00B00-00B1F              20           1
        SFR23            00B80-00B9F              20           1
        SFR24            00C00-00C1F              20           1
        SFR25            00C80-00C9F              20           1
        SFR26            00D00-00D1F              20           1
        SFR27            00D80-00D9F              20           1
        SFR28            00E00-00E1F              20           1
        SFR29            00E80-00E9F              20           1
        SFR3             00180-0019F              20           1
        SFR30            00F00-00F1F              20           1
        SFR31            00F80-00F9F              20           1
        SFR32            01000-0101F              20           1
        SFR33            01080-0109F              20           1
        SFR34            01100-0111F              20           1
        SFR35            01180-0119F              20           1
        SFR36            01200-0121F              20           1
        SFR37            01280-0129F              20           1
        SFR38            01300-0131F              20           1
        SFR39            01380-0139F              20           1
        SFR4             00200-0021F              20           1
        SFR40            01400-0141F              20           1
        SFR41            01480-0149F              20           1
        SFR42            01500-0151F              20           1
        SFR43            01580-0159F              20           1
        SFR44            01600-0161F              20           1
        SFR45            01680-0169F              20           1
        SFR46            01700-0171F              20           1
        SFR47            01780-0179F              20           1
        SFR48            01800-0181F              20           1
        SFR49            01880-0189F              20           1
        SFR5             00280-0029F              20           1
        SFR50            01900-0191F              20           1
        SFR51            01980-019EF              70           1
        SFR52            01A00-01A6F              70           1
        SFR53            01A80-01AEF              70           1
        SFR54            01B00-01B6F              70           1
        SFR55            01B80-01BEF              70           1
        SFR56            01C00-01C6F              70           1
        SFR57            01C80-01CEF              70           1
        SFR58            01D00-01D6F              70           1
        SFR59            01D80-01DEF              70           1
        SFR6             00300-0031F              20           1
        SFR60            01E00-01E6F              70           1
        SFR61            01E80-01EEF              70           1
        SFR62            01F00-01F6F              70           1
        SFR63            01F80-01FEF              70           1
        SFR7             00380-0039F              20           1
        SFR8             00400-0041F              20           1
        SFR9             00480-0049F              20           1
        STACK            020AE-02FEF             F42           1
        STRCODE          00002-00002               1           2
                         00800-00802               3
                         01810-01DB0             5A1
                         02000-07FFF            6000
        STRING           00002-00002               1           2
                         00800-00802               3
                         01810-01DB0             100
                         02000-07FFF             100

                                  Symbol Table

?_ADC_GetSingleConversion                cstackCOMMON 00074
?___awdiv                                cstackBANK0  00024
?___awmod                                cstackBANK0  00020
?___awtoft                               cstackBANK0  00025
?___ftadd                                cstackBANK0  00051
?___ftdiv                                cstackBANK0  0002B
?___ftmul                                cstackBANK0  00033
?___ftneg                                cstackCOMMON 00074
?___ftpack                               cstackBANK0  00020
?___ftsub                                cstackBANK0  0005E
?___fttol                                cstackBANK0  0005E
?___lldiv                                cstackBANK0  00020
?___llmod                                cstackBANK0  0002D
?___lltoft                               cstackBANK0  00025
?___lwtoft                               cstackBANK0  00025
?___wmul                                 cstackBANK0  0002D
?__div_to_l_                             cstackBANK0  00020
?__tdiv_to_l_                            cstackBANK0  00020
?_fround                                 cstackBANK0  00043
?_getTMR3                                cstackCOMMON 00074
?_getTMR5                                cstackCOMMON 00074
?_measureInput                           cstackBANK0  0006C
?_measureTemp                            cstackBANK0  0006C
?_scale                                  cstackBANK0  00043
?_sprintf                                cstackBANK1  000A0
ADC_GetSingleConversion@channel          cstackBANK0  00020
TMR3_ISR@count                           bssCOMMON    00077
_ADACCH                                  (abs)        00091
_ADACCL                                  (abs)        00090
_ADACQ                                   (abs)        0009D
_ADACT                                   (abs)        00099
_ADCAP                                   (abs)        0009B
_ADCLK                                   (abs)        00098
_ADCNT                                   (abs)        0010C
_ADCON0                                  (abs)        00093
_ADCON0bits                              (abs)        00093
_ADCON1                                  (abs)        00094
_ADCON1bits                              (abs)        00094
_ADCON2                                  (abs)        00095
_ADCON2bits                              (abs)        00095
_ADCON3                                  (abs)        00096
_ADCON3bits                              (abs)        00096
_ADC_GetSingleConversion                 text5        01E5A
_ADERRH                                  (abs)        00117
_ADERRL                                  (abs)        00116
_ADFLTRH                                 (abs)        00115
_ADFLTRL                                 (abs)        00114
_ADLTHH                                  (abs)        0010F
_ADLTHL                                  (abs)        0010E
_ADPCH                                   (abs)        0009E
_ADPRE                                   (abs)        0009C
_ADPREVH                                 (abs)        0008F
_ADPREVL                                 (abs)        0008E
_ADREF                                   (abs)        0009A
_ADRESH                                  (abs)        0008D
_ADRESL                                  (abs)        0008C
_ADRPT                                   (abs)        0010D
_ADSTAT                                  (abs)        00097
_ADSTATbits                              (abs)        00097
_ADSTPTH                                 (abs)        00113
_ADSTPTL                                 (abs)        00112
_ADUTHH                                  (abs)        00111
_ADUTHL                                  (abs)        00110
_ANSELA                                  (abs)        01F38
_ANSELB                                  (abs)        01F43
_ANSELC                                  (abs)        01F4E
_ANSELD                                  (abs)        01F59
_ANSELE                                  (abs)        01F64
_CLC1CON                                 (abs)        01E10
_CLC1CONbits                             (abs)        01E10
_CLC1GLS0                                (abs)        01E16
_CLC1GLS1                                (abs)        01E17
_CLC1GLS2                                (abs)        01E18
_CLC1GLS3                                (abs)        01E19
_CLC1POL                                 (abs)        01E11
_CLC1SEL0                                (abs)        01E12
_CLC1SEL1                                (abs)        01E13
_CLC1SEL2                                (abs)        01E14
_CLC1SEL3                                (abs)        01E15
_CLC2CON                                 (abs)        01E1A
_CLC2CONbits                             (abs)        01E1A
_CLC2GLS0                                (abs)        01E20
_CLC2GLS1                                (abs)        01E21
_CLC2GLS2                                (abs)        01E22
_CLC2GLS3                                (abs)        01E23
_CLC2POL                                 (abs)        01E1B
_CLC2SEL0                                (abs)        01E1C
_CLC2SEL1                                (abs)        01E1D
_CLC2SEL2                                (abs)        01E1E
_CLC2SEL3                                (abs)        01E1F
_CLC3CON                                 (abs)        01E24
_CLC3CONbits                             (abs)        01E24
_CLC3GLS0                                (abs)        01E2A
_CLC3GLS1                                (abs)        01E2B
_CLC3GLS2                                (abs)        01E2C
_CLC3GLS3                                (abs)        01E2D
_CLC3POL                                 (abs)        01E25
_CLC3SEL0                                (abs)        01E26
_CLC3SEL1                                (abs)        01E27
_CLC3SEL2                                (abs)        01E28
_CLC3SEL3                                (abs)        01E29
_CLC4CONbits                             (abs)        01E2E
_CLCIN0PPS                               (abs)        01EBB
_CLCIN1PPS                               (abs)        01EBC
_CM1CON0                                 (abs)        00990
_CM1CON1                                 (abs)        00991
_CM1NSEL                                 (abs)        00992
_CM1PSEL                                 (abs)        00993
_CMOUTbits                               (abs)        0098F
_CMP1_ISR                                text72       01ECC
_CMP1_InterruptHandler                   nvBANK1      000ED
_DAC1CON0                                (abs)        0090E
_DAC1CON1                                (abs)        0090F
_FVRCONbits                              (abs)        0090C
_INTCONbits                              (abs)        0000B
_INTERRUPT_InterruptManager              intentry     00004
_LATA                                    (abs)        00016
_LATAbits                                (abs)        00016
_LATB                                    (abs)        00017
_LATC                                    (abs)        00018
_LATD                                    (abs)        00019
_LATE                                    (abs)        0001A
_LATEbits                                (abs)        0001A
_ODCONA                                  (abs)        01F3A
_ODCONB                                  (abs)        01F45
_ODCONC                                  (abs)        01F50
_ODCOND                                  (abs)        01F5B
_ODCONE                                  (abs)        01F66
_OSCCON1                                 (abs)        0088D
_OSCCON3                                 (abs)        0088F
_OSCEN                                   (abs)        00891
_OSCFRQ                                  (abs)        00893
_OSCSTAT                                 (abs)        00890
_OSCTUNE                                 (abs)        00892
_PIE2bits                                (abs)        00718
_PIE4bits                                (abs)        0071A
_PIE5bits                                (abs)        0071B
_PIR2bits                                (abs)        0070E
_PIR4bits                                (abs)        00710
_PIR5bits                                (abs)        00711
_PORTAbits                               (abs)        0000C
_PORTBbits                               (abs)        0000D
_PPSLOCK                                 (abs)        01E8F
_PPSLOCKbits                             (abs)        01E8F
_RA3PPS                                  (abs)        01F13
_RA4PPS                                  (abs)        01F14
_RB0PPS                                  (abs)        01F18
_T1CLK                                   (abs)        00211
_T1CON                                   (abs)        0020E
_T1CONbits                               (abs)        0020E
_T1GATE                                  (abs)        00210
_T1GCON                                  (abs)        0020F
_T3CLK                                   (abs)        00217
_T3CON                                   (abs)        00214
_T3CONbits                               (abs)        00214
_T3GATE                                  (abs)        00216
_T3GCON                                  (abs)        00215
_T5CKIPPSbits                            (abs)        01E96
_T5CLK                                   (abs)        0021D
_T5CON                                   (abs)        0021A
_T5CONbits                               (abs)        0021A
_T5GATE                                  (abs)        0021C
_T5GCON                                  (abs)        0021B
_TMR1H                                   (abs)        0020D
_TMR1L                                   (abs)        0020C
_TMR1_ISR                                text70       01EBA
_TMR1_InterruptHandler                   nvBANK2      0012C
_TMR3H                                   (abs)        00213
_TMR3L                                   (abs)        00212
_TMR3_ISR                                text65       012B8
_TMR3_InterruptHandler                   bssBANK1     000E2
_TMR5H                                   (abs)        00219
_TMR5L                                   (abs)        00218
_TRISA                                   (abs)        00011
_TRISAbits                               (abs)        00011
_TRISB                                   (abs)        00012
_TRISC                                   (abs)        00013
_TRISD                                   (abs)        00014
_TRISE                                   (abs)        00015
_WPUA                                    (abs)        01F39
_WPUB                                    (abs)        01F44
_WPUC                                    (abs)        01F4F
_WPUD                                    (abs)        01F5A
_WPUE                                    (abs)        01F65
__CFG_BOREN$ON                           (abs)        00000
__CFG_BORV$HI                            (abs)        00000
__CFG_CLKOUTEN$OFF                       (abs)        00000
__CFG_CP$OFF                             (abs)        00000
__CFG_CPD$OFF                            (abs)        00000
__CFG_CSWEN$ON                           (abs)        00000
__CFG_FCMEN$ON                           (abs)        00000
__CFG_FEXTOSC$HS                         (abs)        00000
__CFG_LPBOREN$OFF                        (abs)        00000
__CFG_LVP$OFF                            (abs)        00000
__CFG_MCLRE$ON                           (abs)        00000
__CFG_PPS1WAY$ON                         (abs)        00000
__CFG_PWRTE$OFF                          (abs)        00000
__CFG_RSTOSC$EXT1X                       (abs)        00000
__CFG_SCANE$available                    (abs)        00000
__CFG_STVREN$ON                          (abs)        00000
__CFG_WDTCCS$SC                          (abs)        00000
__CFG_WDTCPS$WDTCPS_31                   (abs)        00000
__CFG_WDTCWS$WDTCWS_7                    (abs)        00000
__CFG_WDTE$OFF                           (abs)        00000
__CFG_WRT$OFF                            (abs)        00000
__CFG_ZCD$OFF                            (abs)        00000
__Habs1                                  abs1         00000
__Hbank0                                 bank0        00000
__Hbank1                                 bank1        00000
__Hbank10                                bank10       00000
__Hbank11                                bank11       00000
__Hbank12                                bank12       00000
__Hbank13                                bank13       00000
__Hbank14                                bank14       00000
__Hbank15                                bank15       00000
__Hbank16                                bank16       00000
__Hbank17                                bank17       00000
__Hbank18                                bank18       00000
__Hbank19                                bank19       00000
__Hbank2                                 bank2        00000
__Hbank20                                bank20       00000
__Hbank21                                bank21       00000
__Hbank22                                bank22       00000
__Hbank23                                bank23       00000
__Hbank24                                bank24       00000
__Hbank25                                bank25       00000
__Hbank26                                bank26       00000
__Hbank27                                bank27       00000
__Hbank28                                bank28       00000
__Hbank29                                bank29       00000
__Hbank3                                 bank3        00000
__Hbank30                                bank30       00000
__Hbank31                                bank31       00000
__Hbank32                                bank32       00000
__Hbank33                                bank33       00000
__Hbank34                                bank34       00000
__Hbank35                                bank35       00000
__Hbank36                                bank36       00000
__Hbank37                                bank37       00000
__Hbank38                                bank38       00000
__Hbank39                                bank39       00000
__Hbank4                                 bank4        00000
__Hbank40                                bank40       00000
__Hbank41                                bank41       00000
__Hbank42                                bank42       00000
__Hbank43                                bank43       00000
__Hbank44                                bank44       00000
__Hbank45                                bank45       00000
__Hbank46                                bank46       00000
__Hbank47                                bank47       00000
__Hbank48                                bank48       00000
__Hbank49                                bank49       00000
__Hbank5                                 bank5        00000
__Hbank50                                bank50       00000
__Hbank51                                bank51       00000
__Hbank52                                bank52       00000
__Hbank53                                bank53       00000
__Hbank54                                bank54       00000
__Hbank55                                bank55       00000
__Hbank56                                bank56       00000
__Hbank57                                bank57       00000
__Hbank58                                bank58       00000
__Hbank59                                bank59       00000
__Hbank6                                 bank6        00000
__Hbank60                                bank60       00000
__Hbank61                                bank61       00000
__Hbank62                                bank62       00000
__Hbank63                                bank63       00000
__Hbank7                                 bank7        00000
__Hbank8                                 bank8        00000
__Hbank9                                 bank9        00000
__Hbigram                                bigram       00000
__HbssBANK1                              bssBANK1     00000
__HbssBANK2                              bssBANK2     00000
__HbssCOMMON                             bssCOMMON    00000
__Hcinit                                 cinit        00050
__Hclrtext                               clrtext      00000
__Hcode                                  code         00000
__Hcommon                                common       00000
__Hconfig                                config       0800C
__HcstackBANK0                           cstackBANK0  00000
__HcstackBANK1                           cstackBANK1  00000
__HcstackBANK2                           cstackBANK2  00000
__HcstackCOMMON                          cstackCOMMON 00000
__HdataBANK1                             dataBANK1    00000
__Heeprom_data                           eeprom_data  00000
__Hend_init                              end_init     00035
__Hfunctab                               functab      00000
__HidataBANK1                            idataBANK1   00000
__Hidloc                                 idloc        00000
__Hinit                                  init         00033
__Hintentry                              intentry     00033
__Hmaintext                              maintext     00000
__HnvBANK1                               nvBANK1      00000
__HnvBANK2                               nvBANK2      00000
__Hpowerup                               powerup      00000
__Hram                                   ram          00000
__Hreset_vec                             reset_vec    00002
__Hsfr0                                  sfr0         00000
__Hsfr1                                  sfr1         00000
__Hsfr10                                 sfr10        00000
__Hsfr11                                 sfr11        00000
__Hsfr12                                 sfr12        00000
__Hsfr13                                 sfr13        00000
__Hsfr14                                 sfr14        00000
__Hsfr15                                 sfr15        00000
__Hsfr16                                 sfr16        00000
__Hsfr17                                 sfr17        00000
__Hsfr18                                 sfr18        00000
__Hsfr19                                 sfr19        00000
__Hsfr2                                  sfr2         00000
__Hsfr20                                 sfr20        00000
__Hsfr21                                 sfr21        00000
__Hsfr22                                 sfr22        00000
__Hsfr23                                 sfr23        00000
__Hsfr24                                 sfr24        00000
__Hsfr25                                 sfr25        00000
__Hsfr26                                 sfr26        00000
__Hsfr27                                 sfr27        00000
__Hsfr28                                 sfr28        00000
__Hsfr29                                 sfr29        00000
__Hsfr3                                  sfr3         00000
__Hsfr30                                 sfr30        00000
__Hsfr31                                 sfr31        00000
__Hsfr32                                 sfr32        00000
__Hsfr33                                 sfr33        00000
__Hsfr34                                 sfr34        00000
__Hsfr35                                 sfr35        00000
__Hsfr36                                 sfr36        00000
__Hsfr37                                 sfr37        00000
__Hsfr38                                 sfr38        00000
__Hsfr39                                 sfr39        00000
__Hsfr4                                  sfr4         00000
__Hsfr40                                 sfr40        00000
__Hsfr41                                 sfr41        00000
__Hsfr42                                 sfr42        00000
__Hsfr43                                 sfr43        00000
__Hsfr44                                 sfr44        00000
__Hsfr45                                 sfr45        00000
__Hsfr46                                 sfr46        00000
__Hsfr47                                 sfr47        00000
__Hsfr48                                 sfr48        00000
__Hsfr49                                 sfr49        00000
__Hsfr5                                  sfr5         00000
__Hsfr50                                 sfr50        00000
__Hsfr51                                 sfr51        00000
__Hsfr52                                 sfr52        00000
__Hsfr53                                 sfr53        00000
__Hsfr54                                 sfr54        00000
__Hsfr55                                 sfr55        00000
__Hsfr56                                 sfr56        00000
__Hsfr57                                 sfr57        00000
__Hsfr58                                 sfr58        00000
__Hsfr59                                 sfr59        00000
__Hsfr6                                  sfr6         00000
__Hsfr60                                 sfr60        00000
__Hsfr61                                 sfr61        00000
__Hsfr62                                 sfr62        00000
__Hsfr63                                 sfr63        00000
__Hsfr7                                  sfr7         00000
__Hsfr8                                  sfr8         00000
__Hsfr9                                  sfr9         00000
__Hspace_0                               (abs)        0800C
__Hspace_1                               (abs)        0012E
__Hspace_2                               (abs)        00000
__Hspace_3                               (abs)        00000
__Hstack                                 stack        00000
__Hstrings                               strings      00000
__Hstringtext                            stringtext   00000
__Htext                                  text         00000
__Labs1                                  abs1         00000
__Lbank0                                 bank0        00000
__Lbank1                                 bank1        00000
__Lbank10                                bank10       00000
__Lbank11                                bank11       00000
__Lbank12                                bank12       00000
__Lbank13                                bank13       00000
__Lbank14                                bank14       00000
__Lbank15                                bank15       00000
__Lbank16                                bank16       00000
__Lbank17                                bank17       00000
__Lbank18                                bank18       00000
__Lbank19                                bank19       00000
__Lbank2                                 bank2        00000
__Lbank20                                bank20       00000
__Lbank21                                bank21       00000
__Lbank22                                bank22       00000
__Lbank23                                bank23       00000
__Lbank24                                bank24       00000
__Lbank25                                bank25       00000
__Lbank26                                bank26       00000
__Lbank27                                bank27       00000
__Lbank28                                bank28       00000
__Lbank29                                bank29       00000
__Lbank3                                 bank3        00000
__Lbank30                                bank30       00000
__Lbank31                                bank31       00000
__Lbank32                                bank32       00000
__Lbank33                                bank33       00000
__Lbank34                                bank34       00000
__Lbank35                                bank35       00000
__Lbank36                                bank36       00000
__Lbank37                                bank37       00000
__Lbank38                                bank38       00000
__Lbank39                                bank39       00000
__Lbank4                                 bank4        00000
__Lbank40                                bank40       00000
__Lbank41                                bank41       00000
__Lbank42                                bank42       00000
__Lbank43                                bank43       00000
__Lbank44                                bank44       00000
__Lbank45                                bank45       00000
__Lbank46                                bank46       00000
__Lbank47                                bank47       00000
__Lbank48                                bank48       00000
__Lbank49                                bank49       00000
__Lbank5                                 bank5        00000
__Lbank50                                bank50       00000
__Lbank51                                bank51       00000
__Lbank52                                bank52       00000
__Lbank53                                bank53       00000
__Lbank54                                bank54       00000
__Lbank55                                bank55       00000
__Lbank56                                bank56       00000
__Lbank57                                bank57       00000
__Lbank58                                bank58       00000
__Lbank59                                bank59       00000
__Lbank6                                 bank6        00000
__Lbank60                                bank60       00000
__Lbank61                                bank61       00000
__Lbank62                                bank62       00000
__Lbank63                                bank63       00000
__Lbank7                                 bank7        00000
__Lbank8                                 bank8        00000
__Lbank9                                 bank9        00000
__Lbigram                                bigram       00000
__LbssBANK1                              bssBANK1     00000
__LbssBANK2                              bssBANK2     00000
__LbssCOMMON                             bssCOMMON    00000
__Lcinit                                 cinit        00035
__Lclrtext                               clrtext      00000
__Lcode                                  code         00000
__Lcommon                                common       00000
__Lconfig                                config       08007
__LcstackBANK0                           cstackBANK0  00000
__LcstackBANK1                           cstackBANK1  00000
__LcstackBANK2                           cstackBANK2  00000
__LcstackCOMMON                          cstackCOMMON 00000
__LdataBANK1                             dataBANK1    00000
__Leeprom_data                           eeprom_data  00000
__Lend_init                              end_init     00033
__Lfunctab                               functab      00000
__LidataBANK1                            idataBANK1   00000
__Lidloc                                 idloc        00000
__Linit                                  init         00033
__Lintentry                              intentry     00004
__Lmaintext                              maintext     00000
__LnvBANK1                               nvBANK1      00000
__LnvBANK2                               nvBANK2      00000
__Lpowerup                               powerup      00000
__Lram                                   ram          00000
__Lreset_vec                             reset_vec    00000
__Lsfr0                                  sfr0         00000
__Lsfr1                                  sfr1         00000
__Lsfr10                                 sfr10        00000
__Lsfr11                                 sfr11        00000
__Lsfr12                                 sfr12        00000
__Lsfr13                                 sfr13        00000
__Lsfr14                                 sfr14        00000
__Lsfr15                                 sfr15        00000
__Lsfr16                                 sfr16        00000
__Lsfr17                                 sfr17        00000
__Lsfr18                                 sfr18        00000
__Lsfr19                                 sfr19        00000
__Lsfr2                                  sfr2         00000
__Lsfr20                                 sfr20        00000
__Lsfr21                                 sfr21        00000
__Lsfr22                                 sfr22        00000
__Lsfr23                                 sfr23        00000
__Lsfr24                                 sfr24        00000
__Lsfr25                                 sfr25        00000
__Lsfr26                                 sfr26        00000
__Lsfr27                                 sfr27        00000
__Lsfr28                                 sfr28        00000
__Lsfr29                                 sfr29        00000
__Lsfr3                                  sfr3         00000
__Lsfr30                                 sfr30        00000
__Lsfr31                                 sfr31        00000
__Lsfr32                                 sfr32        00000
__Lsfr33                                 sfr33        00000
__Lsfr34                                 sfr34        00000
__Lsfr35                                 sfr35        00000
__Lsfr36                                 sfr36        00000
__Lsfr37                                 sfr37        00000
__Lsfr38                                 sfr38        00000
__Lsfr39                                 sfr39        00000
__Lsfr4                                  sfr4         00000
__Lsfr40                                 sfr40        00000
__Lsfr41                                 sfr41        00000
__Lsfr42                                 sfr42        00000
__Lsfr43                                 sfr43        00000
__Lsfr44                                 sfr44        00000
__Lsfr45                                 sfr45        00000
__Lsfr46                                 sfr46        00000
__Lsfr47                                 sfr47        00000
__Lsfr48                                 sfr48        00000
__Lsfr49                                 sfr49        00000
__Lsfr5                                  sfr5         00000
__Lsfr50                                 sfr50        00000
__Lsfr51                                 sfr51        00000
__Lsfr52                                 sfr52        00000
__Lsfr53                                 sfr53        00000
__Lsfr54                                 sfr54        00000
__Lsfr55                                 sfr55        00000
__Lsfr56                                 sfr56        00000
__Lsfr57                                 sfr57        00000
__Lsfr58                                 sfr58        00000
__Lsfr59                                 sfr59        00000
__Lsfr6                                  sfr6         00000
__Lsfr60                                 sfr60        00000
__Lsfr61                                 sfr61        00000
__Lsfr62                                 sfr62        00000
__Lsfr63                                 sfr63        00000
__Lsfr7                                  sfr7         00000
__Lsfr8                                  sfr8         00000
__Lsfr9                                  sfr9         00000
__Lspace_0                               (abs)        00000
__Lspace_1                               (abs)        00000
__Lspace_2                               (abs)        00000
__Lspace_3                               (abs)        00000
__Lstack                                 stack        00000
__Lstrings                               strings      00000
__Lstringtext                            stringtext   00000
__Ltext                                  text         00000
__S0                                     (abs)        0800C
__S1                                     (abs)        0012E
__S2                                     (abs)        00000
__S3                                     (abs)        00000
___awdiv                                 text48       01440
___awdiv@counter                         cstackBANK0  00029
___awdiv@dividend                        cstackBANK0  00026
___awdiv@divisor                         cstackBANK0  00024
___awdiv@quotient                        cstackBANK0  0002B
___awdiv@sign                            cstackBANK0  0002A
___awmod                                 text47       013AC
___awmod@counter                         cstackCOMMON 00075
___awmod@dividend                        cstackBANK0  00022
___awmod@divisor                         cstackBANK0  00020
___awmod@sign                            cstackCOMMON 00076
___awtoft                                text6        011BA
___awtoft@c                              cstackBANK0  00025
___awtoft@sign                           cstackBANK0  0002A
___ftadd                                 text56       00A41
___ftadd@exp1                            cstackBANK0  0005D
___ftadd@exp2                            cstackBANK0  0005C
___ftadd@f1                              cstackBANK0  00051
___ftadd@f2                              cstackBANK0  00054
___ftadd@sign                            cstackBANK0  0005B
___ftdiv                                 text34       01757
___ftdiv@cntr                            cstackBANK0  00035
___ftdiv@exp                             cstackBANK0  00039
___ftdiv@f1                              cstackBANK0  0002E
___ftdiv@f2                              cstackBANK0  0002B
___ftdiv@f3                              cstackBANK0  00036
___ftdiv@sign                            cstackBANK0  0003A
___ftge                                  text59       012EB
___ftge@ff1                              cstackBANK0  00020
[...]
      Temps:          1       0       0       0       0       0       0       0       0       0       0       0       0       0       0       0       0       0       0       0       0       0       0       0       0       0       0       0       0       0       0       0       0       0       0       0       0       0       0       0       0       0       0       0       0       0       0       0       0       0       0       0
      Totals:         1       0       0       0       0       0       0       0       0       0       0       0       0       0       0       0       0       0       0       0       0       0       0       0       0       0       0       0       0       0       0       0       0       0       0       0       0       0       0       0       0       0       0       0       0       0       0       0       0       0       0       0
Total ram usage:        1 bytes
 Hardware stack levels used:    1
 This function calls:
		Nothing
 This function is called by:
		_main
		_TMR3_ISR
 This function uses a non-reentrant model


 *************** function _TMR1_ISR *****************
 Defined at:
		line 108 in file "TMR.c"
 Parameters:    Size  Location     Type
		None
 Auto vars:     Size  Location     Type
		None
 Return value:  Size  Location     Type
                  1    wreg      void 
 Registers used:
		wreg, fsr1l, fsr1h, status,2, status,0, pclath, cstack
 Tracked objects:
		On entry : 
		On exit  : 
		Unchanged: 
 Data sizes:     COMMON   BANK0   BANK1   BANK2   BANK3   BANK4   BANK5   BANK6   BANK7   BANK8   BANK9  BANK10  BANK11  BANK12  BANK13  BANK14  BANK15  BANK16  BANK17  BANK18  BANK19  BANK20  BANK21  BANK22  BANK23  BANK24  BANK25  BANK26  BANK27  BANK28  BANK29  BANK30  BANK31  BANK32  BANK33  BANK34  BANK35  BANK36  BANK37  BANK38  BANK39  BANK40  BANK41  BANK42  BANK43  BANK44  BANK45  BANK46  BANK47  BANK48  BANK49  BANK50
      Params:         0       0       0       0       0       0       0       0       0       0       0       0       0       0       0       0       0       0       0       0       0       0       0       0       0       0       0       0       0       0       0       0       0       0       0       0       0       0       0       0       0       0       0       0       0       0       0       0       0       0       0       0
      Locals:         0       0       0       0       0       0       0       0       0       0       0       0       0       0       0       0       0       0       0       0       0       0       0       0       0       0       0       0       0       0       0       0       0       0       0       0       0       0       0       0       0       0       0       0       0       0       0       0       0       0       0       0
      Temps:          0       0       0       0       0       0       0       0       0       0       0       0       0       0       0       0       0       0       0       0       0       0       0       0       0       0       0       0       0       0       0       0       0       0       0       0       0       0       0       0       0       0       0       0       0       0       0       0       0       0       0       0
      Totals:         0       0       0       0       0       0       0       0       0       0       0       0       0       0       0       0       0       0       0       0       0       0       0       0       0       0       0       0       0       0       0       0       0       0       0       0       0       0       0       0       0       0       0       0       0       0       0       0       0       0       0       0
Total ram usage:        0 bytes
 Hardware stack levels used:    1
 Hardware stack levels required when called:    1
 This function calls:
		Absolute function
		_refreshDisplay
 This function is called by:
		_INTERRUPT_InterruptManager
 This function uses a non-reentrant model


 *************** function _refreshDisplay *****************
 Defined at:
		line 143 in file "main.c"
 Parameters:    Size  Location     Type
		None
 Auto vars:     Size  Location     Type
		None
 Return value:  Size  Location     Type
                  1    wreg      void 
 Registers used:
		wreg, fsr1l, fsr1h, status,2, status,0
 Tracked objects:
		On entry : 
		On exit  : 
		Unchanged: 
 Data sizes:     COMMON   BANK0   BANK1   BANK2   BANK3   BANK4   BANK5   BANK6   BANK7   BANK8   BANK9  BANK10  BANK11  BANK12  BANK13  BANK14  BANK15  BANK16  BANK17  BANK18  BANK19  BANK20  BANK21  BANK22  BANK23  BANK24  BANK25  BANK26  BANK27  BANK28  BANK29  BANK30  BANK31  BANK32  BANK33  BANK34  BANK35  BANK36  BANK37  BANK38  BANK39  BANK40  BANK41  BANK42  BANK43  BANK44  BANK45  BANK46  BANK47  BANK48  BANK49  BANK50
      Params:         0       0       0       0       0       0       0       0       0       0       0       0       0       0       0       0       0       0       0       0       0       0       0       0       0       0       0       0       0       0       0       0       0       0       0       0       0       0       0       0       0       0       0       0       0       0       0       0       0       0       0       0
      Locals:         0       0       0       0       0       0       0       0       0       0       0       0       0       0       0       0       0       0       0       0       0       0       0       0       0       0       0       0       0       0       0       0       0       0       0       0       0       0       0       0       0       0       0       0       0       0       0       0       0       0       0       0
      Temps:          1       0       0       0       0       0       0       0       0       0       0       0       0       0       0       0       0       0       0       0       0       0       0       0       0       0       0       0       0       0       0       0       0       0       0       0       0       0       0       0       0       0       0       0       0       0       0       0       0       0       0       0
      Totals:         1       0       0       0       0       0       0       0       0       0       0       0       0       0       0       0       0       0       0       0       0       0       0       0       0       0       0       0       0       0       0       0       0       0       0       0       0       0       0       0       0       0       0       0       0       0       0       0       0       0       0       0
Total ram usage:        1 bytes
 Hardware stack levels used:    1
 This function calls:
		Nothing
 This function is called by:
		_main
		_TMR1_ISR
 This function uses a non-reentrant model


 *************** function _CMP1_ISR *****************
 Defined at:
		line 33 in file "CMP_DAC.c"
 Parameters:    Size  Location     Type
		None
 Auto vars:     Size  Location     Type
		None
 Return value:  Size  Location     Type
                  1    wreg      void 
 Registers used:
		wreg, status,2, status,0, pclath, cstack
 Tracked objects:
		On entry : 
		On exit  : 
		Unchanged: 
 Data sizes:     COMMON   BANK0   BANK1   BANK2   BANK3   BANK4   BANK5   BANK6   BANK7   BANK8   BANK9  BANK10  BANK11  BANK12  BANK13  BANK14  BANK15  BANK16  BANK17  BANK18  BANK19  BANK20  BANK21  BANK22  BANK23  BANK24  BANK25  BANK26  BANK27  BANK28  BANK29  BANK30  BANK31  BANK32  BANK33  BANK34  BANK35  BANK36  BANK37  BANK38  BANK39  BANK40  BANK41  BANK42  BANK43  BANK44  BANK45  BANK46  BANK47  BANK48  BANK49  BANK50
      Params:         0       0       0       0       0       0       0       0       0       0       0       0       0       0       0       0       0       0       0       0       0       0       0       0       0       0       0       0       0       0       0       0       0       0       0       0       0       0       0       0       0       0       0       0       0       0       0       0       0       0       0       0
      Locals:         0       0       0       0       0       0       0       0       0       0       0       0       0       0       0       0       0       0       0       0       0       0       0       0       0       0       0       0       0       0       0       0       0       0       0       0       0       0       0       0       0       0       0       0       0       0       0       0       0       0       0       0
      Temps:          0       0       0       0       0       0       0       0       0       0       0       0       0       0       0       0       0       0       0       0       0       0       0       0       0       0       0       0       0       0       0       0       0       0       0       0       0       0       0       0       0       0       0       0       0       0       0       0       0       0       0       0
      Totals:         0       0       0       0       0       0       0       0       0       0       0       0       0       0       0       0       0       0       0       0       0       0       0       0       0       0       0       0       0       0       0       0       0       0       0       0       0       0       0       0       0       0       0       0       0       0       0       0       0       0       0       0
Total ram usage:        0 bytes
 Hardware stack levels used:    1
 Hardware stack levels required when called:    1
 This function calls:
		Absolute function
		_computeCapa
		i1_setCMP1Interrupt
 This function is called by:
		_INTERRUPT_InterruptManager
 This function uses a non-reentrant model


 *************** function i1_setCMP1Interrupt *****************
 Defined at:
		line 51 in file "CMP_DAC.c"
 Parameters:    Size  Location     Type
  useInt          1    wreg     unsigned char 
 Auto vars:     Size  Location     Type
  useInt          1    0[COMMON] unsigned char 
 Return value:  Size  Location     Type
                  1    wreg      void 
 Registers used:
		wreg, status,0
 Tracked objects:
		On entry : 
		On exit  : 
		Unchanged: 
 Data sizes:     COMMON   BANK0   BANK1   BANK2   BANK3   BANK4   BANK5   BANK6   BANK7   BANK8   BANK9  BANK10  BANK11  BANK12  BANK13  BANK14  BANK15  BANK16  BANK17  BANK18  BANK19  BANK20  BANK21  BANK22  BANK23  BANK24  BANK25  BANK26  BANK27  BANK28  BANK29  BANK30  BANK31  BANK32  BANK33  BANK34  BANK35  BANK36  BANK37  BANK38  BANK39  BANK40  BANK41  BANK42  BANK43  BANK44  BANK45  BANK46  BANK47  BANK48  BANK49  BANK50
      Params:         0       0       0       0       0       0       0       0       0       0       0       0       0       0       0       0       0       0       0       0       0       0       0       0       0       0       0       0       0       0       0       0       0       0       0       0       0       0       0       0       0       0       0       0       0       0       0       0       0       0       0       0
      Locals:         1       0       0       0       0       0       0       0       0       0       0       0       0       0       0       0       0       0       0       0       0       0       0       0       0       0       0       0       0       0       0       0       0       0       0       0       0       0       0       0       0       0       0       0       0       0       0       0       0       0       0       0
      Temps:          0       0       0       0       0       0       0       0       0       0       0       0       0       0       0       0       0       0       0       0       0       0       0       0       0       0       0       0       0       0       0       0       0       0       0       0       0       0       0       0       0       0       0       0       0       0       0       0       0       0       0       0
      Totals:         1       0       0       0       0       0       0       0       0       0       0       0       0       0       0       0       0       0       0       0       0       0       0       0       0       0       0       0       0       0       0       0       0       0       0       0       0       0       0       0       0       0       0       0       0       0       0       0       0       0       0       0
Total ram usage:        1 bytes
 Hardware stack levels used:    1
 This function calls:
		Nothing
 This function is called by:
		_CMP1_ISR
 This function uses a non-reentrant model



MODULE INFORMATION

Module		Function		Class		Link	Load	Size
F:\Program Files (x86)\Microchip\xc8\v1.38\sources\common\lltoft.c
		___lltoft      		CODE           	0803	0000	43

F:\Program Files (x86)\Microchip\xc8\v1.38\sources\common\lltoft.c estimated size: 43

F:\Program Files (x86)\Microchip\xc8\v1.38\sources\common\ftdiv.c
		___ftdiv       		CODE           	1757	0000	170

F:\Program Files (x86)\Microchip\xc8\v1.38\sources\common\ftdiv.c estimated size: 170

F:\Program Files (x86)\Microchip\xc8\v1.38\sources\common\ftge.c
		___ftge        		CODE           	12EB	0000	61

F:\Program Files (x86)\Microchip\xc8\v1.38\sources\common\ftge.c estimated size: 61

F:\Program Files (x86)\Microchip\xc8\v1.38\sources\common\awdiv.c
		___awdiv       		CODE           	1440	0000	83

F:\Program Files (x86)\Microchip\xc8\v1.38\sources\common\awdiv.c estimated size: 83

F:\Program Files (x86)\Microchip\xc8\v1.38\sources\common\lldiv.c
		___lldiv       		CODE           	1492	0000	84

F:\Program Files (x86)\Microchip\xc8\v1.38\sources\common\lldiv.c estimated size: 84

CLC.c
		_init_CLC1     		CODE           	1E69	0000	17
		_init_CLC2     		CODE           	1E79	0000	17
		_init_CLC3     		CODE           	1E89	0000	17
		_init_CLC4     		CODE           	0003	0000	2
		_init_CLCs     		CODE           	1E32	0000	13

CLC.c estimated size: 66

F:\Program Files (x86)\Microchip\xc8\v1.38\sources\common\ftdivl.c
		__tdiv_to_l_   		CODE           	098B	0000	183

F:\Program Files (x86)\Microchip\xc8\v1.38\sources\common\ftdivl.c estimated size: 183

F:\Program Files (x86)\Microchip\xc8\v1.38\sources\common\fttol.c
		___fttol       		CODE           	159D	0000	136

F:\Program Files (x86)\Microchip\xc8\v1.38\sources\common\fttol.c estimated size: 136

F:\Program Files (x86)\Microchip\xc8\v1.38\sources\common\Umul16.c
		___wmul        		CODE           	115F	0000	29

F:\Program Files (x86)\Microchip\xc8\v1.38\sources\common\Umul16.c estimated size: 29

CMP_DAC.c
		_init_CMP_DAC  		CODE           	1EDF	0000	20
		_CMP1_ISR      		CODE           	1ECC	0000	20
		_setCMP1InterruptHandler		CODE           	1DB7	0000	7
		_setCMP1Interrupt		CODE           	1DE9	0000	10

CMP_DAC.c estimated size: 57

F:\Program Files (x86)\Microchip\xc8\v1.38\sources\common\isdigit.c
		_isdigit       		CODE           	1E3E	0000	15

F:\Program Files (x86)\Microchip\xc8\v1.38\sources\common\isdigit.c estimated size: 15

F:\Program Files (x86)\Microchip\xc8\v1.38\sources\common\fldivl.c
		__div_to_l_    		CODE           	0B37	0000	286

F:\Program Files (x86)\Microchip\xc8\v1.38\sources\common\fldivl.c estimated size: 286

F:\Program Files (x86)\Microchip\xc8\v1.38\sources\common\ftadd.c
		___ftadd       		CODE           	0A41	0000	247

F:\Program Files (x86)\Microchip\xc8\v1.38\sources\common\ftadd.c estimated size: 247

adc.c
		_ADC_GetSingleConversion		CODE           	1E5A	0000	16
		_init_ADC      		CODE           	1FC7	0000	28

adc.c estimated size: 44

states.c
		_pwm_state     		CODE           	1E04	0000	10
		_printFreq     		CODE           	13F2	0000	79
		_voltmeter_state		CODE           	14E5	0000	84
		_capameter_state		CODE           	1224	0000	49
		_counter_state 		CODE           	1254	0000	51
		_measureTemp   		CODE           	1327	0000	67
		_measureInput  		CODE           	1286	0000	51
		_printCapa     		CODE           	1624	0000	146
		_ibtn_state    		CODE           	1DFB	0000	10
		_freqmeter_state		CODE           	119A	0000	33
		_tempmeter_state		CODE           	0790	0000	109
		_resmeter_state		CODE           	1E0D	0000	10

states.c estimated size: 699

F:\Program Files (x86)\Microchip\xc8\v1.38\sources\common\ftneg.c
		___ftneg       		CODE           	1DCF	0000	9

F:\Program Files (x86)\Microchip\xc8\v1.38\sources\common\ftneg.c estimated size: 9

shared
		i1_setTMR3Interrupt		CODE           	1DE0	0000	10
		__powers_      		STRCODE        	10CF	0000	40
		i1_setCMP1Interrupt		CODE           	1DD7	0000	10
		_dpowers       		STRCODE        	1080	0000	41
		__npowers_     		STRCODE        	10A8	0000	40
		__initialization		CODE           	0035	0000	24
		_charset       		STRCODE        	1000	0000	129

shared estimated size: 294

F:\Program Files (x86)\Microchip\xc8\v1.38\sources\common\ftsub.c
		___ftsub       		CODE           	1FE2	0000	31

F:\Program Files (x86)\Microchip\xc8\v1.38\sources\common\ftsub.c estimated size: 31

F:\Program Files (x86)\Microchip\xc8\v1.38\sources\common\float.c
		___ftpack      		CODE           	1538	0000	102

F:\Program Files (x86)\Microchip\xc8\v1.38\sources\common\float.c estimated size: 102

TMR.c
		_setTMR1InterruptHandler		CODE           	1DBD	0000	7
		_startTimeMeasurement		CODE           	1EF2	0000	21
		_setTMR1Interrupt		CODE           	1E16	0000	10
		_TMR3_ISR      		CODE           	12B8	0000	52
		_getTMR3       		CODE           	1F91	0000	28
		_setTMR3       		CODE           	1DB1	0000	7
		_init_TMR1     		CODE           	1EA9	0000	18
		_init_TMR3     		CODE           	1E4C	0000	15
		_init_TMR5     		CODE           	1E99	0000	17
		_init_TMRs     		CODE           	1E1F	0000	10
		_setTMR3InterruptHandler		CODE           	1DC3	0000	7
		_setTMR3Interrupt		CODE           	1DF2	0000	10
		_getTMR5       		CODE           	1FAC	0000	28
		_startGatedCount		CODE           	11FF	0000	38
		_TMR1_ISR      		CODE           	1EBA	0000	19

TMR.c estimated size: 287

utils.c
		_getPrintableSize		CODE           	117B	0000	32
		_writeo        		CODE           	16B5	0000	163

utils.c estimated size: 195

F:\Program Files (x86)\Microchip\xc8\v1.38\sources\common\lwtoft.c
		___lwtoft      		CODE           	1F1B	0000	22

F:\Program Files (x86)\Microchip\xc8\v1.38\sources\common\lwtoft.c estimated size: 22

F:\Program Files (x86)\Microchip\xc8\v1.38\sources\common\awmod.c
		___awmod       		CODE           	13AC	0000	71

F:\Program Files (x86)\Microchip\xc8\v1.38\sources\common\awmod.c estimated size: 71

F:\Program Files (x86)\Microchip\xc8\v1.38\sources\common\awtoft.c
		___awtoft      		CODE           	11BA	0000	35

F:\Program Files (x86)\Microchip\xc8\v1.38\sources\common\awtoft.c estimated size: 35

F:\Program Files (x86)\Microchip\xc8\v1.38\sources\common\llmod.c
		___llmod       		CODE           	1369	0000	68

F:\Program Files (x86)\Microchip\xc8\v1.38\sources\common\llmod.c estimated size: 68

init.c
		_init_global   		CODE           	11DC	0000	36
		_init_interrupt		CODE           	07FC	0000	4
		_init_osc      		CODE           	1E28	0000	11
		_start         		CODE           	1F46	0000	25
		_init_PPS      		CODE           	1F5E	0000	26

init.c estimated size: 102

interrupts_handler.c
		_INTERRUPT_InterruptManager		CODE           	0004	0000	48

interrupts_handler.c estimated size: 48

main.c
		_main          		CODE           	082D	0000	171
		_computeCapa   		CODE           	1F30	0000	23
		_computeFreq   		CODE           	1F06	0000	22
		_refreshDisplay		CODE           	1F77	0000	27

main.c estimated size: 243

F:\Program Files (x86)\Microchip\xc8\v1.38\sources\common\doprnt.c
		_scale         		CODE           	0DBA	0000	583
		_sprintf       		CODE           	0050	0000	1857
		_fround        		CODE           	0C54	0000	359

F:\Program Files (x86)\Microchip\xc8\v1.38\sources\common\doprnt.c estimated size: 2799

F:\Program Files (x86)\Microchip\xc8\v1.38\sources\common\ftmul.c
		___ftmul       		CODE           	08D7	0000	181

F:\Program Files (x86)\Microchip\xc8\v1.38\sources\common\ftmul.c estimated size: 181

